  Determining projects to restore...
  All projects are up-to-date for restore.
  models -> D:\WorkSpace\project\dotnet\prn-asm-2\models\bin\Debug\net8.0\models.dll
  repositories -> D:\WorkSpace\project\dotnet\prn-asm-2\repositories\bin\Debug\net8.0\repositories.dll
  services -> D:\WorkSpace\project\dotnet\prn-asm-2\services\bin\Debug\net8.0\services.dll
D:\WorkSpace\project\dotnet\prn-asm-2\app\obj\Debug\net8.0\Microsoft.CodeAnalysis.Razor.Compiler\Microsoft.NET.Sdk.Razor.SourceGenerators.RazorSourceGenerator\Pages\Auth\Logout_cshtml.g.cs(67,81): error CS0234: The type or namespace name 'LogoutModel' does not exist in the namespace 'app.Pages' (are you missing an assembly reference?) [D:\WorkSpace\project\dotnet\prn-asm-2\app\app.csproj]
D:\WorkSpace\project\dotnet\prn-asm-2\app\obj\Debug\net8.0\Microsoft.CodeAnalysis.Razor.Compiler\Microsoft.NET.Sdk.Razor.SourceGenerators.RazorSourceGenerator\Pages\Auth\Logout_cshtml.g.cs(69,91): error CS0234: The type or namespace name 'LogoutModel' does not exist in the namespace 'app.Pages' (are you missing an assembly reference?) [D:\WorkSpace\project\dotnet\prn-asm-2\app\app.csproj]
D:\WorkSpace\project\dotnet\prn-asm-2\app\obj\Debug\net8.0\Microsoft.CodeAnalysis.Razor.Compiler\Microsoft.NET.Sdk.Razor.SourceGenerators.RazorSourceGenerator\Pages\Auth\Logout_cshtml.g.cs(70,26): error CS0234: The type or namespace name 'LogoutModel' does not exist in the namespace 'app.Pages' (are you missing an assembly reference?) [D:\WorkSpace\project\dotnet\prn-asm-2\app\app.csproj]

Build FAILED.

D:\WorkSpace\project\dotnet\prn-asm-2\app\obj\Debug\net8.0\Microsoft.CodeAnalysis.Razor.Compiler\Microsoft.NET.Sdk.Razor.SourceGenerators.RazorSourceGenerator\Pages\Auth\Logout_cshtml.g.cs(67,81): error CS0234: The type or namespace name 'LogoutModel' does not exist in the namespace 'app.Pages' (are you missing an assembly reference?) [D:\WorkSpace\project\dotnet\prn-asm-2\app\app.csproj]
D:\WorkSpace\project\dotnet\prn-asm-2\app\obj\Debug\net8.0\Microsoft.CodeAnalysis.Razor.Compiler\Microsoft.NET.Sdk.Razor.SourceGenerators.RazorSourceGenerator\Pages\Auth\Logout_cshtml.g.cs(69,91): error CS0234: The type or namespace name 'LogoutModel' does not exist in the namespace 'app.Pages' (are you missing an assembly reference?) [D:\WorkSpace\project\dotnet\prn-asm-2\app\app.csproj]
D:\WorkSpace\project\dotnet\prn-asm-2\app\obj\Debug\net8.0\Microsoft.CodeAnalysis.Razor.Compiler\Microsoft.NET.Sdk.Razor.SourceGenerators.RazorSourceGenerator\Pages\Auth\Logout_cshtml.g.cs(70,26): error CS0234: The type or namespace name 'LogoutModel' does not exist in the namespace 'app.Pages' (are you missing an assembly reference?) [D:\WorkSpace\project\dotnet\prn-asm-2\app\app.csproj]
    0 Warning(s)
    3 Error(s)

Time Elapsed 00:00:03.02
